check.slurm: OK
check_gpu.py: OK
constraints.txt: OK
install.sh: OK
models/mace-mh-1.model: OK
probe.sh: OK
probe.slurm: OK
README.md: OK
references/provenance.json: OK
references/zrc216_T0300_v100_s17.npz: OK
references/zrc216_T6000_v100_s17.npz: OK
references/zrc64_T0300_v100_s17.npz: OK
references/zrc64_T6000_v100_s17.npz: OK
references/zrc8_T0300_v100_s17.npz: OK
references/zrc8_T6000_v100_s17.npz: OK
/WORK/gongqianm_work/MaterialModel-HPC/zrc-ase-v100-setup/env/lib/python3.12/site-packages/e3nn/o3/_wigner.py:10: FutureWarning: You are using `torch.load` with `weights_only=False` (the current default value), which uses the default pickle module implicitly. It is possible to construct malicious pickle data which will execute arbitrary code during unpickling (See https://github.com/pytorch/pytorch/blob/main/SECURITY.md#untrusted-models for more details). In a future release, the default value for `weights_only` will be flipped to `True`. This limits the functions that could be executed during unpickling. Arbitrary objects will no longer be allowed to be loaded via this mode unless they are explicitly allowlisted by the user via `torch.serialization.add_safe_globals`. We recommend you start setting `weights_only=True` for any use case where you don't have full control of the loaded file. Please open an issue on GitHub for any issues related to this experimental feature.
  _Jd, _W3j_flat, _W3j_indices = torch.load(os.path.join(os.path.dirname(__file__), 'constants.pt'))
/WORK/gongqianm_work/MaterialModel-HPC/zrc-ase-v100-setup/env/lib/python3.12/site-packages/mace/calculators/mace.py:226: FutureWarning: You are using `torch.load` with `weights_only=False` (the current default value), which uses the default pickle module implicitly. It is possible to construct malicious pickle data which will execute arbitrary code during unpickling (See https://github.com/pytorch/pytorch/blob/main/SECURITY.md#untrusted-models for more details). In a future release, the default value for `weights_only` will be flipped to `True`. This limits the functions that could be executed during unpickling. Arbitrary objects will no longer be allowed to be loaded via this mode unless they are explicitly allowlisted by the user via `torch.serialization.add_safe_globals`. We recommend you start setting `weights_only=True` for any use case where you don't have full control of the loaded file. Please open an issue on GitHub for any issues related to this experimental feature.
  torch.load(f=model_path, map_location=device)
WARNING:root:Default dtype float32 does not match model dtype float64, converting models to float32.
cuequivariance or cuequivariance_torch is not available. Cuequivariance acceleration will be disabled.
{
  "status": "static_inference_passed_comparison_requires_review",
  "purpose": "environment_static_inference_only",
  "python": "3.12.14 (main, Sep  2 2026, 23:27:36) [GCC 15.3.0]",
  "platform": "Linux-3.10.0-1160.el7.nosig.x86_64-x86_64-with-glibc2.17",
  "libc": [
    "glibc",
    "2.17"
  ],
  "slurm_job_id": "15325225",
  "physical_validated": false,
  "model_sha256": "a522eb7f59c7879963d41586528f4980baf33e086c94aa92e3eafdeccad3be47",
  "head": "omat_pbe",
  "dtype": "float32",
  "versions": {
    "torch": "2.5.1+cu118",
    "mace-torch": "0.3.16",
    "ase": "3.29.0",
    "numpy": "1.26.4",
    "e3nn": "0.4.4",
    "matscipy": "1.1.1",
    "scipy": "1.13.1"
  },
  "torch_cuda": "11.8",
  "gpu": "Tesla V100-SXM2-32GB",
  "capability": [
    7,
    0
  ],
  "compiled_arches": [
    "sm_50",
    "sm_60",
    "sm_70",
    "sm_75",
    "sm_80",
    "sm_86",
    "sm_37",
    "sm_90"
  ],
  "single_points": [
    {
      "reference": "zrc216_T0300_v100_s17",
      "atoms": 216,
      "energy_eV": -2089.469970703125,
      "seconds_including_first_call_overhead": 15.741500210016966,
      "absolute_energy_delta_meV_atom": 0.0011302806712962963,
      "force_delta_rms_eV_A": 2.063332535592035e-06,
      "force_delta_max_component_eV_A": 8.578823242233469e-06,
      "stress_delta_max_GPa": 3.073815106272697e-05
    },
    {
      "reference": "zrc216_T6000_v100_s17",
      "atoms": 216,
      "energy_eV": -1766.848876953125,
      "seconds_including_first_call_overhead": 0.7069092076271772,
      "absolute_energy_delta_meV_atom": 0.0011302806712962963,
      "force_delta_rms_eV_A": 3.266564606268235e-06,
      "force_delta_max_component_eV_A": 1.2393934326393463e-05,
      "stress_delta_max_GPa": 2.148686287879944e-05
    },
    {
      "reference": "zrc64_T0300_v100_s17",
      "atoms": 64,
      "energy_eV": -619.4520874023438,
      "seconds_including_first_call_overhead": 2.9817869970574975,
      "absolute_energy_delta_meV_atom": 0.0019073486328125,
      "force_delta_rms_eV_A": 1.7994045151367614e-06,
      "force_delta_max_component_eV_A": 5.243898925755275e-06,
      "stress_delta_max_GPa": 2.9544436458349226e-05
    },
    {
      "reference": "zrc64_T6000_v100_s17",
      "atoms": 64,
      "energy_eV": -541.1217651367188,
      "seconds_including_first_call_overhead": 2.6553427008911967,
      "absolute_energy_delta_meV_atom": 0.0019073486328125,
      "force_delta_rms_eV_A": 3.4419071808574784e-06,
      "force_delta_max_component_eV_A": 1.0489569091998163e-05,
      "stress_delta_max_GPa": 1.1937146043777465e-05
    },
    {
      "reference": "zrc8_T0300_v100_s17",
      "atoms": 8,
      "energy_eV": -77.37606811523438,
      "seconds_including_first_call_overhead": 2.8735862355679274,
      "absolute_energy_delta_meV_atom": 0.0019073486328125,
      "force_delta_rms_eV_A": 2.0877744065374024e-06,
      "force_delta_max_component_eV_A": 4.768726806547718e-06,
      "stress_delta_max_GPa": 5.4612443150281904e-05
    },
    {
      "reference": "zrc8_T6000_v100_s17",
      "atoms": 8,
      "energy_eV": -72.80256652832031,
      "seconds_including_first_call_overhead": 0.35553816333413124,
      "absolute_energy_delta_meV_atom": 0.0,
      "force_delta_rms_eV_A": 2.5973925173138936e-06,
      "force_delta_max_component_eV_A": 6.7662427520737145e-06,
      "stress_delta_max_GPa": 3.521458082914352e-05
    }
  ],
  "peak_allocated_MiB": 1855.00732421875,
  "numerical_equivalence_certified": false,
  "production_authorized_by_this_check": false
}
